[INFO] Scanning for projects...
[INFO] 
[INFO] --------------------< br.com.sebratel.bff:dho-api >---------------------
[INFO] Building dho-api 0.0.1-SNAPSHOT
[INFO]   from pom.xml
[INFO] --------------------------------[ jar ]---------------------------------
[INFO] 
[INFO] --- clean:3.4.1:clean (default-clean) @ dho-api ---
[INFO] Deleting /home/israelbarcelos/.cline/worktrees/16152/dho-api/target
[INFO] 
[INFO] --- resources:3.3.1:resources (default-resources) @ dho-api ---
[INFO] Copying 1 resource from src/main/resources to target/classes
[INFO] Copying 1 resource from src/main/resources to target/classes
[INFO] 
[INFO] --- compiler:3.13.0:compile (default-compile) @ dho-api ---
[INFO] Recompiling the module because of changed source code.
[INFO] Compiling 109 source files with javac [debug parameters release 21] to target/classes
[INFO] Annotation processing is enabled because one or more processors were found
  on the class path. A future release of javac may disable annotation processing
  unless at least one processor is specified by name (-processor), or a search
  path is specified (--processor-path, --processor-module-path), or annotation
  processing is enabled explicitly (-proc:only, -proc:full).
  Use -Xlint:-options to suppress this message.
  Use -proc:none to disable annotation processing.
[INFO] /home/israelbarcelos/.cline/worktrees/16152/dho-api/src/main/java/br/com/sebratel/bff/dho/security/GoogleAccessTokenDecoder.java: /home/israelbarcelos/.cline/worktrees/16152/dho-api/src/main/java/br/com/sebratel/bff/dho/security/GoogleAccessTokenDecoder.java uses unchecked or unsafe operations.
[INFO] /home/israelbarcelos/.cline/worktrees/16152/dho-api/src/main/java/br/com/sebratel/bff/dho/security/GoogleAccessTokenDecoder.java: Recompile with -Xlint:unchecked for details.
[INFO] -------------------------------------------------------------
[WARNING] COMPILATION WARNING : 
[INFO] -------------------------------------------------------------
[WARNING] /home/israelbarcelos/.cline/worktrees/16152/dho-api/src/main/java/br/com/sebratel/bff/dho/dto/RequisitionSearchDTO.java:[16,21] @Builder will ignore the initializing expression entirely. If you want the initializing expression to serve as default, add @Builder.Default. If it is not supposed to be settable during building, make the field final.
[INFO] 1 warning
[INFO] -------------------------------------------------------------
[INFO] -------------------------------------------------------------
[ERROR] COMPILATION ERROR : 
[INFO] -------------------------------------------------------------
[ERROR] /home/israelbarcelos/.cline/worktrees/16152/dho-api/src/main/java/br/com/sebratel/bff/dho/aspect/RecruitmentProcessLoggingAspect.java:[92,9] cannot find symbol
  symbol:   class People
  location: class br.com.sebratel.bff.dho.aspect.RecruitmentProcessLoggingAspect
[ERROR] /home/israelbarcelos/.cline/worktrees/16152/dho-api/src/main/java/br/com/sebratel/bff/dho/service/RecruitmentProcessService.java:[330,35] cannot find symbol
  symbol:   method getRecruitmentProcess()
  location: variable log of type br.com.sebratel.bff.dho.domain.entity.RecruitmentProcessLog
[ERROR] /home/israelbarcelos/.cline/worktrees/16152/dho-api/src/main/java/br/com/sebratel/bff/dho/service/RecruitmentProcessService.java:[339,40] cannot find symbol
  symbol:   method getRecruitmentProcess()
  location: variable hireLog of type br.com.sebratel.bff.dho.domain.entity.RecruitmentProcessLog
[INFO] 3 errors 
[INFO] -------------------------------------------------------------
[INFO] ------------------------------------------------------------------------
[INFO] BUILD FAILURE
[INFO] ------------------------------------------------------------------------
[INFO] Total time:  3.927 s
[INFO] Finished at: 2026-05-12T17:40:05-03:00
[INFO] ------------------------------------------------------------------------
[ERROR] Failed to execute goal org.apache.maven.plugins:maven-compiler-plugin:3.13.0:compile (default-compile) on project dho-api: Compilation failure: Compilation failure: 
[ERROR] /home/israelbarcelos/.cline/worktrees/16152/dho-api/src/main/java/br/com/sebratel/bff/dho/aspect/RecruitmentProcessLoggingAspect.java:[92,9] cannot find symbol
[ERROR]   symbol:   class People
[ERROR]   location: class br.com.sebratel.bff.dho.aspect.RecruitmentProcessLoggingAspect
[ERROR] /home/israelbarcelos/.cline/worktrees/16152/dho-api/src/main/java/br/com/sebratel/bff/dho/service/RecruitmentProcessService.java:[330,35] cannot find symbol
[ERROR]   symbol:   method getRecruitmentProcess()
[ERROR]   location: variable log of type br.com.sebratel.bff.dho.domain.entity.RecruitmentProcessLog
[ERROR] /home/israelbarcelos/.cline/worktrees/16152/dho-api/src/main/java/br/com/sebratel/bff/dho/service/RecruitmentProcessService.java:[339,40] cannot find symbol
[ERROR]   symbol:   method getRecruitmentProcess()
[ERROR]   location: variable hireLog of type br.com.sebratel.bff.dho.domain.entity.RecruitmentProcessLog
[ERROR] -> [Help 1]
[ERROR] 
[ERROR] To see the full stack trace of the errors, re-run Maven with the -e switch.
[ERROR] Re-run Maven using the -X switch to enable full debug logging.
[ERROR] 
[ERROR] For more information about the errors and possible solutions, please read the following articles:
[ERROR] [Help 1] http://cwiki.apache.org/confluence/display/MAVEN/MojoFailureException
