[INFO] Scanning for projects...
[INFO] 
[INFO] --------------------< br.com.sebratel.bff:dho-api >---------------------
[INFO] Building dho-api 0.0.1-SNAPSHOT
[INFO]   from pom.xml
[INFO] --------------------------------[ jar ]---------------------------------
[INFO] 
[INFO] --- resources:3.3.1:resources (default-resources) @ dho-api ---
[INFO] Copying 1 resource from src/main/resources to target/classes
[INFO] Copying 1 resource from src/main/resources to target/classes
[INFO] 
[INFO] --- compiler:3.13.0:compile (default-compile) @ dho-api ---
[INFO] Nothing to compile - all classes are up to date.
[INFO] 
[INFO] --- resources:3.3.1:testResources (default-testResources) @ dho-api ---
[INFO] Copying 1 resource from src/test/resources to target/test-classes
[INFO] 
[INFO] --- compiler:3.13.0:testCompile (default-testCompile) @ dho-api ---
[INFO] Recompiling the module because of changed source code.
[INFO] Compiling 16 source files with javac [debug parameters release 21] to target/test-classes
[INFO] Annotation processing is enabled because one or more processors were found
  on the class path. A future release of javac may disable annotation processing
  unless at least one processor is specified by name (-processor), or a search
  path is specified (--processor-path, --processor-module-path), or annotation
  processing is enabled explicitly (-proc:only, -proc:full).
  Use -Xlint:-options to suppress this message.
  Use -proc:none to disable annotation processing.
[INFO] /home/israelbarcelos/.cline/worktrees/792dd/dho-api/src/test/java/br/com/sebratel/bff/dho/controller/admin/AdminPeopleControllerTest.java: Some input files use unchecked or unsafe operations.
[INFO] /home/israelbarcelos/.cline/worktrees/792dd/dho-api/src/test/java/br/com/sebratel/bff/dho/controller/admin/AdminPeopleControllerTest.java: Recompile with -Xlint:unchecked for details.
[INFO] -------------------------------------------------------------
[WARNING] COMPILATION WARNING : 
[INFO] -------------------------------------------------------------
[WARNING] /home/israelbarcelos/.cline/worktrees/792dd/dho-api/src/test/java/br/com/sebratel/bff/dho/controller/OpportunityControllerTest.java:[33,6] org.springframework.boot.test.mock.mockito.MockBean in org.springframework.boot.test.mock.mockito has been deprecated and marked for removal
[WARNING] /home/israelbarcelos/.cline/worktrees/792dd/dho-api/src/test/java/br/com/sebratel/bff/dho/controller/OpportunityControllerTest.java:[33,6] org.springframework.boot.test.mock.mockito.MockBean in org.springframework.boot.test.mock.mockito has been deprecated and marked for removal
[WARNING] /home/israelbarcelos/.cline/worktrees/792dd/dho-api/src/test/java/br/com/sebratel/bff/dho/controller/OpportunityControllerTest.java:[33,6] org.springframework.boot.test.mock.mockito.MockBean in org.springframework.boot.test.mock.mockito has been deprecated and marked for removal
[WARNING] /home/israelbarcelos/.cline/worktrees/792dd/dho-api/src/test/java/br/com/sebratel/bff/dho/controller/OpportunityControllerTest.java:[33,6] org.springframework.boot.test.mock.mockito.MockBean in org.springframework.boot.test.mock.mockito has been deprecated and marked for removal
[WARNING] /home/israelbarcelos/.cline/worktrees/792dd/dho-api/src/test/java/br/com/sebratel/bff/dho/controller/OpportunityControllerTest.java:[33,6] org.springframework.boot.test.mock.mockito.MockBean in org.springframework.boot.test.mock.mockito has been deprecated and marked for removal
[WARNING] /home/israelbarcelos/.cline/worktrees/792dd/dho-api/src/test/java/br/com/sebratel/bff/dho/controller/OpportunityControllerTest.java:[36,6] org.springframework.boot.test.mock.mockito.MockBean in org.springframework.boot.test.mock.mockito has been deprecated and marked for removal
[WARNING] /home/israelbarcelos/.cline/worktrees/792dd/dho-api/src/test/java/br/com/sebratel/bff/dho/controller/OpportunityControllerTest.java:[36,6] org.springframework.boot.test.mock.mockito.MockBean in org.springframework.boot.test.mock.mockito has been deprecated and marked for removal
[WARNING] /home/israelbarcelos/.cline/worktrees/792dd/dho-api/src/test/java/br/com/sebratel/bff/dho/controller/OpportunityControllerTest.java:[36,6] org.springframework.boot.test.mock.mockito.MockBean in org.springframework.boot.test.mock.mockito has been deprecated and marked for removal
[WARNING] /home/israelbarcelos/.cline/worktrees/792dd/dho-api/src/test/java/br/com/sebratel/bff/dho/controller/OpportunityControllerTest.java:[36,6] org.springframework.boot.test.mock.mockito.MockBean in org.springframework.boot.test.mock.mockito has been deprecated and marked for removal
[WARNING] /home/israelbarcelos/.cline/worktrees/792dd/dho-api/src/test/java/br/com/sebratel/bff/dho/controller/OpportunityControllerTest.java:[36,6] org.springframework.boot.test.mock.mockito.MockBean in org.springframework.boot.test.mock.mockito has been deprecated and marked for removal
[WARNING] /home/israelbarcelos/.cline/worktrees/792dd/dho-api/src/test/java/br/com/sebratel/bff/dho/controller/OpportunityControllerTest.java:[39,6] org.springframework.boot.test.mock.mockito.MockBean in org.springframework.boot.test.mock.mockito has been deprecated and marked for removal
[WARNING] /home/israelbarcelos/.cline/worktrees/792dd/dho-api/src/test/java/br/com/sebratel/bff/dho/controller/OpportunityControllerTest.java:[39,6] org.springframework.boot.test.mock.mockito.MockBean in org.springframework.boot.test.mock.mockito has been deprecated and marked for removal
[WARNING] /home/israelbarcelos/.cline/worktrees/792dd/dho-api/src/test/java/br/com/sebratel/bff/dho/controller/OpportunityControllerTest.java:[39,6] org.springframework.boot.test.mock.mockito.MockBean in org.springframework.boot.test.mock.mockito has been deprecated and marked for removal
[WARNING] /home/israelbarcelos/.cline/worktrees/792dd/dho-api/src/test/java/br/com/sebratel/bff/dho/controller/OpportunityControllerTest.java:[39,6] org.springframework.boot.test.mock.mockito.MockBean in org.springframework.boot.test.mock.mockito has been deprecated and marked for removal
[WARNING] /home/israelbarcelos/.cline/worktrees/792dd/dho-api/src/test/java/br/com/sebratel/bff/dho/controller/OpportunityControllerTest.java:[39,6] org.springframework.boot.test.mock.mockito.MockBean in org.springframework.boot.test.mock.mockito has been deprecated and marked for removal
[WARNING] /home/israelbarcelos/.cline/worktrees/792dd/dho-api/src/test/java/br/com/sebratel/bff/dho/controller/OpportunityControllerTest.java:[42,6] org.springframework.boot.test.mock.mockito.MockBean in org.springframework.boot.test.mock.mockito has been deprecated and marked for removal
[WARNING] /home/israelbarcelos/.cline/worktrees/792dd/dho-api/src/test/java/br/com/sebratel/bff/dho/controller/OpportunityControllerTest.java:[42,6] org.springframework.boot.test.mock.mockito.MockBean in org.springframework.boot.test.mock.mockito has been deprecated and marked for removal
[WARNING] /home/israelbarcelos/.cline/worktrees/792dd/dho-api/src/test/java/br/com/sebratel/bff/dho/controller/OpportunityControllerTest.java:[42,6] org.springframework.boot.test.mock.mockito.MockBean in org.springframework.boot.test.mock.mockito has been deprecated and marked for removal
[WARNING] /home/israelbarcelos/.cline/worktrees/792dd/dho-api/src/test/java/br/com/sebratel/bff/dho/controller/OpportunityControllerTest.java:[42,6] org.springframework.boot.test.mock.mockito.MockBean in org.springframework.boot.test.mock.mockito has been deprecated and marked for removal
[WARNING] /home/israelbarcelos/.cline/worktrees/792dd/dho-api/src/test/java/br/com/sebratel/bff/dho/controller/OpportunityControllerTest.java:[42,6] org.springframework.boot.test.mock.mockito.MockBean in org.springframework.boot.test.mock.mockito has been deprecated and marked for removal
[WARNING] /home/israelbarcelos/.cline/worktrees/792dd/dho-api/src/test/java/br/com/sebratel/bff/dho/controller/SuggestionControllerTest.java:[35,6] org.springframework.boot.test.mock.mockito.MockBean in org.springframework.boot.test.mock.mockito has been deprecated and marked for removal
[WARNING] /home/israelbarcelos/.cline/worktrees/792dd/dho-api/src/test/java/br/com/sebratel/bff/dho/controller/SuggestionControllerTest.java:[35,6] org.springframework.boot.test.mock.mockito.MockBean in org.springframework.boot.test.mock.mockito has been deprecated and marked for removal
[WARNING] /home/israelbarcelos/.cline/worktrees/792dd/dho-api/src/test/java/br/com/sebratel/bff/dho/controller/SuggestionControllerTest.java:[35,6] org.springframework.boot.test.mock.mockito.MockBean in org.springframework.boot.test.mock.mockito has been deprecated and marked for removal
[WARNING] /home/israelbarcelos/.cline/worktrees/792dd/dho-api/src/test/java/br/com/sebratel/bff/dho/controller/SuggestionControllerTest.java:[35,6] org.springframework.boot.test.mock.mockito.MockBean in org.springframework.boot.test.mock.mockito has been deprecated and marked for removal
[WARNING] /home/israelbarcelos/.cline/worktrees/792dd/dho-api/src/test/java/br/com/sebratel/bff/dho/controller/SuggestionControllerTest.java:[35,6] org.springframework.boot.test.mock.mockito.MockBean in org.springframework.boot.test.mock.mockito has been deprecated and marked for removal
[WARNING] /home/israelbarcelos/.cline/worktrees/792dd/dho-api/src/test/java/br/com/sebratel/bff/dho/controller/SuggestionControllerTest.java:[38,6] org.springframework.boot.test.mock.mockito.MockBean in org.springframework.boot.test.mock.mockito has been deprecated and marked for removal
[WARNING] /home/israelbarcelos/.cline/worktrees/792dd/dho-api/src/test/java/br/com/sebratel/bff/dho/controller/SuggestionControllerTest.java:[38,6] org.springframework.boot.test.mock.mockito.MockBean in org.springframework.boot.test.mock.mockito has been deprecated and marked for removal
[WARNING] /home/israelbarcelos/.cline/worktrees/792dd/dho-api/src/test/java/br/com/sebratel/bff/dho/controller/SuggestionControllerTest.java:[38,6] org.springframework.boot.test.mock.mockito.MockBean in org.springframework.boot.test.mock.mockito has been deprecated and marked for removal
[WARNING] /home/israelbarcelos/.cline/worktrees/792dd/dho-api/src/test/java/br/com/sebratel/bff/dho/controller/SuggestionControllerTest.java:[38,6] org.springframework.boot.test.mock.mockito.MockBean in org.springframework.boot.test.mock.mockito has been deprecated and marked for removal
[WARNING] /home/israelbarcelos/.cline/worktrees/792dd/dho-api/src/test/java/br/com/sebratel/bff/dho/controller/SuggestionControllerTest.java:[38,6] org.springframework.boot.test.mock.mockito.MockBean in org.springframework.boot.test.mock.mockito has been deprecated and marked for removal
[WARNING] /home/israelbarcelos/.cline/worktrees/792dd/dho-api/src/test/java/br/com/sebratel/bff/dho/controller/SuggestionControllerTest.java:[41,6] org.springframework.boot.test.mock.mockito.MockBean in org.springframework.boot.test.mock.mockito has been deprecated and marked for removal
[WARNING] /home/israelbarcelos/.cline/worktrees/792dd/dho-api/src/test/java/br/com/sebratel/bff/dho/controller/SuggestionControllerTest.java:[41,6] org.springframework.boot.test.mock.mockito.MockBean in org.springframework.boot.test.mock.mockito has been deprecated and marked for removal
[WARNING] /home/israelbarcelos/.cline/worktrees/792dd/dho-api/src/test/java/br/com/sebratel/bff/dho/controller/SuggestionControllerTest.java:[41,6] org.springframework.boot.test.mock.mockito.MockBean in org.springframework.boot.test.mock.mockito has been deprecated and marked for removal
[WARNING] /home/israelbarcelos/.cline/worktrees/792dd/dho-api/src/test/java/br/com/sebratel/bff/dho/controller/SuggestionControllerTest.java:[41,6] org.springframework.boot.test.mock.mockito.MockBean in org.springframework.boot.test.mock.mockito has been deprecated and marked for removal
[WARNING] /home/israelbarcelos/.cline/worktrees/792dd/dho-api/src/test/java/br/com/sebratel/bff/dho/controller/SuggestionControllerTest.java:[41,6] org.springframework.boot.test.mock.mockito.MockBean in org.springframework.boot.test.mock.mockito has been deprecated and marked for removal
[WARNING] /home/israelbarcelos/.cline/worktrees/792dd/dho-api/src/test/java/br/com/sebratel/bff/dho/controller/SuggestionControllerTest.java:[44,6] org.springframework.boot.test.mock.mockito.MockBean in org.springframework.boot.test.mock.mockito has been deprecated and marked for removal
[WARNING] /home/israelbarcelos/.cline/worktrees/792dd/dho-api/src/test/java/br/com/sebratel/bff/dho/controller/SuggestionControllerTest.java:[44,6] org.springframework.boot.test.mock.mockito.MockBean in org.springframework.boot.test.mock.mockito has been deprecated and marked for removal
[WARNING] /home/israelbarcelos/.cline/worktrees/792dd/dho-api/src/test/java/br/com/sebratel/bff/dho/controller/SuggestionControllerTest.java:[44,6] org.springframework.boot.test.mock.mockito.MockBean in org.springframework.boot.test.mock.mockito has been deprecated and marked for removal
[WARNING] /home/israelbarcelos/.cline/worktrees/792dd/dho-api/src/test/java/br/com/sebratel/bff/dho/controller/SuggestionControllerTest.java:[44,6] org.springframework.boot.test.mock.mockito.MockBean in org.springframework.boot.test.mock.mockito has been deprecated and marked for removal
[WARNING] /home/israelbarcelos/.cline/worktrees/792dd/dho-api/src/test/java/br/com/sebratel/bff/dho/controller/SuggestionControllerTest.java:[44,6] org.springframework.boot.test.mock.mockito.MockBean in org.springframework.boot.test.mock.mockito has been deprecated and marked for removal
[INFO] 40 warnings 
[INFO] -------------------------------------------------------------
[INFO] -------------------------------------------------------------
[ERROR] COMPILATION ERROR : 
[INFO] -------------------------------------------------------------
[ERROR] /home/israelbarcelos/.cline/worktrees/792dd/dho-api/src/test/java/br/com/sebratel/bff/dho/controller/admin/DhoRoleControllerTest.java:[98,25] cannot find symbol
  symbol:   method addPermission(int,int)
  location: variable roleService of type br.com.sebratel.bff.dho.service.DhoRoleService
[INFO] 1 error
[INFO] -------------------------------------------------------------
[INFO] ------------------------------------------------------------------------
[INFO] BUILD FAILURE
[INFO] ------------------------------------------------------------------------
[INFO] Total time:  2.873 s
[INFO] Finished at: 2026-05-12T14:16:39-03:00
[INFO] ------------------------------------------------------------------------
[ERROR] Failed to execute goal org.apache.maven.plugins:maven-compiler-plugin:3.13.0:testCompile (default-testCompile) on project dho-api: Compilation failure
[ERROR] /home/israelbarcelos/.cline/worktrees/792dd/dho-api/src/test/java/br/com/sebratel/bff/dho/controller/admin/DhoRoleControllerTest.java:[98,25] cannot find symbol
[ERROR]   symbol:   method addPermission(int,int)
[ERROR]   location: variable roleService of type br.com.sebratel.bff.dho.service.DhoRoleService
[ERROR] 
[ERROR] -> [Help 1]
[ERROR] 
[ERROR] To see the full stack trace of the errors, re-run Maven with the -e switch.
[ERROR] Re-run Maven using the -X switch to enable full debug logging.
[ERROR] 
[ERROR] For more information about the errors and possible solutions, please read the following articles:
[ERROR] [Help 1] http://cwiki.apache.org/confluence/display/MAVEN/MojoFailureException
