[INFO] Scanning for projects...
[INFO] 
[INFO] --------------------< br.com.sebratel.bff:dho-api >---------------------
[INFO] Building dho-api 0.0.1-SNAPSHOT
[INFO]   from pom.xml
[INFO] --------------------------------[ jar ]---------------------------------
[INFO] 
[INFO] --- resources:3.3.1:resources (default-resources) @ dho-api ---
[INFO] Copying 1 resource from src/main/resources to target/classes
[INFO] Copying 1 resource from src/main/resources to target/classes
[INFO] 
[INFO] --- compiler:3.13.0:compile (default-compile) @ dho-api ---
[INFO] Nothing to compile - all classes are up to date.
[INFO] 
[INFO] --- resources:3.3.1:testResources (default-testResources) @ dho-api ---
[INFO] Copying 1 resource from src/test/resources to target/test-classes
[INFO] 
[INFO] --- compiler:3.13.0:testCompile (default-testCompile) @ dho-api ---
[INFO] Recompiling the module because of changed source code.
[INFO] Compiling 15 source files with javac [debug parameters release 21] to target/test-classes
[INFO] Annotation processing is enabled because one or more processors were found
  on the class path. A future release of javac may disable annotation processing
  unless at least one processor is specified by name (-processor), or a search
  path is specified (--processor-path, --processor-module-path), or annotation
  processing is enabled explicitly (-proc:only, -proc:full).
  Use -Xlint:-options to suppress this message.
  Use -proc:none to disable annotation processing.
[WARNING] /home/israelbarcelos/.cline/worktrees/dbb85/dho-api/src/test/java/br/com/sebratel/bff/dho/controller/OpportunityControllerTest.java:[33,6] org.springframework.boot.test.mock.mockito.MockBean in org.springframework.boot.test.mock.mockito has been deprecated and marked for removal
[WARNING] /home/israelbarcelos/.cline/worktrees/dbb85/dho-api/src/test/java/br/com/sebratel/bff/dho/controller/OpportunityControllerTest.java:[33,6] org.springframework.boot.test.mock.mockito.MockBean in org.springframework.boot.test.mock.mockito has been deprecated and marked for removal
[WARNING] /home/israelbarcelos/.cline/worktrees/dbb85/dho-api/src/test/java/br/com/sebratel/bff/dho/controller/OpportunityControllerTest.java:[33,6] org.springframework.boot.test.mock.mockito.MockBean in org.springframework.boot.test.mock.mockito has been deprecated and marked for removal
[WARNING] /home/israelbarcelos/.cline/worktrees/dbb85/dho-api/src/test/java/br/com/sebratel/bff/dho/controller/OpportunityControllerTest.java:[33,6] org.springframework.boot.test.mock.mockito.MockBean in org.springframework.boot.test.mock.mockito has been deprecated and marked for removal
[WARNING] /home/israelbarcelos/.cline/worktrees/dbb85/dho-api/src/test/java/br/com/sebratel/bff/dho/controller/OpportunityControllerTest.java:[33,6] org.springframework.boot.test.mock.mockito.MockBean in org.springframework.boot.test.mock.mockito has been deprecated and marked for removal
[WARNING] /home/israelbarcelos/.cline/worktrees/dbb85/dho-api/src/test/java/br/com/sebratel/bff/dho/controller/OpportunityControllerTest.java:[36,6] org.springframework.boot.test.mock.mockito.MockBean in org.springframework.boot.test.mock.mockito has been deprecated and marked for removal
[WARNING] /home/israelbarcelos/.cline/worktrees/dbb85/dho-api/src/test/java/br/com/sebratel/bff/dho/controller/OpportunityControllerTest.java:[36,6] org.springframework.boot.test.mock.mockito.MockBean in org.springframework.boot.test.mock.mockito has been deprecated and marked for removal
[WARNING] /home/israelbarcelos/.cline/worktrees/dbb85/dho-api/src/test/java/br/com/sebratel/bff/dho/controller/OpportunityControllerTest.java:[36,6] org.springframework.boot.test.mock.mockito.MockBean in org.springframework.boot.test.mock.mockito has been deprecated and marked for removal
[WARNING] /home/israelbarcelos/.cline/worktrees/dbb85/dho-api/src/test/java/br/com/sebratel/bff/dho/controller/OpportunityControllerTest.java:[36,6] org.springframework.boot.test.mock.mockito.MockBean in org.springframework.boot.test.mock.mockito has been deprecated and marked for removal
[WARNING] /home/israelbarcelos/.cline/worktrees/dbb85/dho-api/src/test/java/br/com/sebratel/bff/dho/controller/OpportunityControllerTest.java:[36,6] org.springframework.boot.test.mock.mockito.MockBean in org.springframework.boot.test.mock.mockito has been deprecated and marked for removal
[WARNING] /home/israelbarcelos/.cline/worktrees/dbb85/dho-api/src/test/java/br/com/sebratel/bff/dho/controller/OpportunityControllerTest.java:[39,6] org.springframework.boot.test.mock.mockito.MockBean in org.springframework.boot.test.mock.mockito has been deprecated and marked for removal
[WARNING] /home/israelbarcelos/.cline/worktrees/dbb85/dho-api/src/test/java/br/com/sebratel/bff/dho/controller/OpportunityControllerTest.java:[39,6] org.springframework.boot.test.mock.mockito.MockBean in org.springframework.boot.test.mock.mockito has been deprecated and marked for removal
[WARNING] /home/israelbarcelos/.cline/worktrees/dbb85/dho-api/src/test/java/br/com/sebratel/bff/dho/controller/OpportunityControllerTest.java:[39,6] org.springframework.boot.test.mock.mockito.MockBean in org.springframework.boot.test.mock.mockito has been deprecated and marked for removal
[WARNING] /home/israelbarcelos/.cline/worktrees/dbb85/dho-api/src/test/java/br/com/sebratel/bff/dho/controller/OpportunityControllerTest.java:[39,6] org.springframework.boot.test.mock.mockito.MockBean in org.springframework.boot.test.mock.mockito has been deprecated and marked for removal
[WARNING] /home/israelbarcelos/.cline/worktrees/dbb85/dho-api/src/test/java/br/com/sebratel/bff/dho/controller/OpportunityControllerTest.java:[39,6] org.springframework.boot.test.mock.mockito.MockBean in org.springframework.boot.test.mock.mockito has been deprecated and marked for removal
[WARNING] /home/israelbarcelos/.cline/worktrees/dbb85/dho-api/src/test/java/br/com/sebratel/bff/dho/controller/OpportunityControllerTest.java:[42,6] org.springframework.boot.test.mock.mockito.MockBean in org.springframework.boot.test.mock.mockito has been deprecated and marked for removal
[WARNING] /home/israelbarcelos/.cline/worktrees/dbb85/dho-api/src/test/java/br/com/sebratel/bff/dho/controller/OpportunityControllerTest.java:[42,6] org.springframework.boot.test.mock.mockito.MockBean in org.springframework.boot.test.mock.mockito has been deprecated and marked for removal
[WARNING] /home/israelbarcelos/.cline/worktrees/dbb85/dho-api/src/test/java/br/com/sebratel/bff/dho/controller/OpportunityControllerTest.java:[42,6] org.springframework.boot.test.mock.mockito.MockBean in org.springframework.boot.test.mock.mockito has been deprecated and marked for removal
[WARNING] /home/israelbarcelos/.cline/worktrees/dbb85/dho-api/src/test/java/br/com/sebratel/bff/dho/controller/OpportunityControllerTest.java:[42,6] org.springframework.boot.test.mock.mockito.MockBean in org.springframework.boot.test.mock.mockito has been deprecated and marked for removal
[WARNING] /home/israelbarcelos/.cline/worktrees/dbb85/dho-api/src/test/java/br/com/sebratel/bff/dho/controller/OpportunityControllerTest.java:[42,6] org.springframework.boot.test.mock.mockito.MockBean in org.springframework.boot.test.mock.mockito has been deprecated and marked for removal
[WARNING] /home/israelbarcelos/.cline/worktrees/dbb85/dho-api/src/test/java/br/com/sebratel/bff/dho/controller/SuggestionControllerTest.java:[35,6] org.springframework.boot.test.mock.mockito.MockBean in org.springframework.boot.test.mock.mockito has been deprecated and marked for removal
[WARNING] /home/israelbarcelos/.cline/worktrees/dbb85/dho-api/src/test/java/br/com/sebratel/bff/dho/controller/SuggestionControllerTest.java:[35,6] org.springframework.boot.test.mock.mockito.MockBean in org.springframework.boot.test.mock.mockito has been deprecated and marked for removal
[WARNING] /home/israelbarcelos/.cline/worktrees/dbb85/dho-api/src/test/java/br/com/sebratel/bff/dho/controller/SuggestionControllerTest.java:[35,6] org.springframework.boot.test.mock.mockito.MockBean in org.springframework.boot.test.mock.mockito has been deprecated and marked for removal
[WARNING] /home/israelbarcelos/.cline/worktrees/dbb85/dho-api/src/test/java/br/com/sebratel/bff/dho/controller/SuggestionControllerTest.java:[35,6] org.springframework.boot.test.mock.mockito.MockBean in org.springframework.boot.test.mock.mockito has been deprecated and marked for removal
[WARNING] /home/israelbarcelos/.cline/worktrees/dbb85/dho-api/src/test/java/br/com/sebratel/bff/dho/controller/SuggestionControllerTest.java:[35,6] org.springframework.boot.test.mock.mockito.MockBean in org.springframework.boot.test.mock.mockito has been deprecated and marked for removal
[WARNING] /home/israelbarcelos/.cline/worktrees/dbb85/dho-api/src/test/java/br/com/sebratel/bff/dho/controller/SuggestionControllerTest.java:[38,6] org.springframework.boot.test.mock.mockito.MockBean in org.springframework.boot.test.mock.mockito has been deprecated and marked for removal
[WARNING] /home/israelbarcelos/.cline/worktrees/dbb85/dho-api/src/test/java/br/com/sebratel/bff/dho/controller/SuggestionControllerTest.java:[38,6] org.springframework.boot.test.mock.mockito.MockBean in org.springframework.boot.test.mock.mockito has been deprecated and marked for removal
[WARNING] /home/israelbarcelos/.cline/worktrees/dbb85/dho-api/src/test/java/br/com/sebratel/bff/dho/controller/SuggestionControllerTest.java:[38,6] org.springframework.boot.test.mock.mockito.MockBean in org.springframework.boot.test.mock.mockito has been deprecated and marked for removal
[WARNING] /home/israelbarcelos/.cline/worktrees/dbb85/dho-api/src/test/java/br/com/sebratel/bff/dho/controller/SuggestionControllerTest.java:[38,6] org.springframework.boot.test.mock.mockito.MockBean in org.springframework.boot.test.mock.mockito has been deprecated and marked for removal
[WARNING] /home/israelbarcelos/.cline/worktrees/dbb85/dho-api/src/test/java/br/com/sebratel/bff/dho/controller/SuggestionControllerTest.java:[38,6] org.springframework.boot.test.mock.mockito.MockBean in org.springframework.boot.test.mock.mockito has been deprecated and marked for removal
[WARNING] /home/israelbarcelos/.cline/worktrees/dbb85/dho-api/src/test/java/br/com/sebratel/bff/dho/controller/SuggestionControllerTest.java:[41,6] org.springframework.boot.test.mock.mockito.MockBean in org.springframework.boot.test.mock.mockito has been deprecated and marked for removal
[WARNING] /home/israelbarcelos/.cline/worktrees/dbb85/dho-api/src/test/java/br/com/sebratel/bff/dho/controller/SuggestionControllerTest.java:[41,6] org.springframework.boot.test.mock.mockito.MockBean in org.springframework.boot.test.mock.mockito has been deprecated and marked for removal
[WARNING] /home/israelbarcelos/.cline/worktrees/dbb85/dho-api/src/test/java/br/com/sebratel/bff/dho/controller/SuggestionControllerTest.java:[41,6] org.springframework.boot.test.mock.mockito.MockBean in org.springframework.boot.test.mock.mockito has been deprecated and marked for removal
[WARNING] /home/israelbarcelos/.cline/worktrees/dbb85/dho-api/src/test/java/br/com/sebratel/bff/dho/controller/SuggestionControllerTest.java:[41,6] org.springframework.boot.test.mock.mockito.MockBean in org.springframework.boot.test.mock.mockito has been deprecated and marked for removal
[WARNING] /home/israelbarcelos/.cline/worktrees/dbb85/dho-api/src/test/java/br/com/sebratel/bff/dho/controller/SuggestionControllerTest.java:[41,6] org.springframework.boot.test.mock.mockito.MockBean in org.springframework.boot.test.mock.mockito has been deprecated and marked for removal
[WARNING] /home/israelbarcelos/.cline/worktrees/dbb85/dho-api/src/test/java/br/com/sebratel/bff/dho/controller/SuggestionControllerTest.java:[44,6] org.springframework.boot.test.mock.mockito.MockBean in org.springframework.boot.test.mock.mockito has been deprecated and marked for removal
[WARNING] /home/israelbarcelos/.cline/worktrees/dbb85/dho-api/src/test/java/br/com/sebratel/bff/dho/controller/SuggestionControllerTest.java:[44,6] org.springframework.boot.test.mock.mockito.MockBean in org.springframework.boot.test.mock.mockito has been deprecated and marked for removal
[WARNING] /home/israelbarcelos/.cline/worktrees/dbb85/dho-api/src/test/java/br/com/sebratel/bff/dho/controller/SuggestionControllerTest.java:[44,6] org.springframework.boot.test.mock.mockito.MockBean in org.springframework.boot.test.mock.mockito has been deprecated and marked for removal
[WARNING] /home/israelbarcelos/.cline/worktrees/dbb85/dho-api/src/test/java/br/com/sebratel/bff/dho/controller/SuggestionControllerTest.java:[44,6] org.springframework.boot.test.mock.mockito.MockBean in org.springframework.boot.test.mock.mockito has been deprecated and marked for removal
[WARNING] /home/israelbarcelos/.cline/worktrees/dbb85/dho-api/src/test/java/br/com/sebratel/bff/dho/controller/SuggestionControllerTest.java:[44,6] org.springframework.boot.test.mock.mockito.MockBean in org.springframework.boot.test.mock.mockito has been deprecated and marked for removal
[INFO] /home/israelbarcelos/.cline/worktrees/dbb85/dho-api/src/test/java/br/com/sebratel/bff/dho/controller/admin/AdminPeopleControllerTest.java: Some input files use unchecked or unsafe operations.
[INFO] /home/israelbarcelos/.cline/worktrees/dbb85/dho-api/src/test/java/br/com/sebratel/bff/dho/controller/admin/AdminPeopleControllerTest.java: Recompile with -Xlint:unchecked for details.
[INFO] 
[INFO] --- surefire:3.5.2:test (default-test) @ dho-api ---
[INFO] Using auto detected provider org.apache.maven.surefire.junitplatform.JUnitPlatformProvider
[INFO] 
[INFO] -------------------------------------------------------
[INFO]  T E S T S
[INFO] -------------------------------------------------------
[INFO] Running br.com.sebratel.bff.dho.controller.RequisitionControllerIntegrationTest
09:59:30.775 [main] INFO org.springframework.test.context.support.AnnotationConfigContextLoaderUtils -- Could not detect default configuration classes for test class [br.com.sebratel.bff.dho.controller.RequisitionControllerIntegrationTest]: RequisitionControllerIntegrationTest does not declare any static, non-private, non-final, nested classes annotated with @Configuration.
09:59:30.913 [main] INFO org.springframework.boot.test.context.SpringBootTestContextBootstrapper -- Found @SpringBootConfiguration br.com.sebratel.bff.dho.DhoApiApplication for test class br.com.sebratel.bff.dho.controller.RequisitionControllerIntegrationTest

  .   ____          _            __ _ _
 /\\ / ___'_ __ _ _(_)_ __  __ _ \ \ \ \
( ( )\___ | '_ | '_| | '_ \/ _` | \ \ \ \
 \\/  ___)| |_)| | | | | || (_| |  ) ) ) )
  '  |____| .__|_| |_|_| |_\__, | / / / /
 =========|_|==============|___/=/_/_/_/

 :: Spring Boot ::                (v3.4.3)

2026-05-12T09:59:31.192-03:00  INFO 78785 --- [           main] d.c.RequisitionControllerIntegrationTest : Starting RequisitionControllerIntegrationTest using Java 21.0.10 with PID 78785 (started by israelbarcelos in /home/israelbarcelos/.cline/worktrees/dbb85/dho-api)
2026-05-12T09:59:31.193-03:00  INFO 78785 --- [           main] d.c.RequisitionControllerIntegrationTest : No active profile set, falling back to 1 default profile: "default"
2026-05-12T09:59:32.008-03:00  INFO 78785 --- [           main] .s.d.r.c.RepositoryConfigurationDelegate : Bootstrapping Spring Data JPA repositories in DEFAULT mode.
2026-05-12T09:59:32.099-03:00  INFO 78785 --- [           main] .s.d.r.c.RepositoryConfigurationDelegate : Finished Spring Data repository scanning in 84 ms. Found 14 JPA repository interfaces.
2026-05-12T09:59:32.768-03:00  INFO 78785 --- [           main] o.hibernate.jpa.internal.util.LogHelper  : HHH000204: Processing PersistenceUnitInfo [name: default]
2026-05-12T09:59:32.838-03:00  INFO 78785 --- [           main] org.hibernate.Version                    : HHH000412: Hibernate ORM core version 6.6.8.Final
2026-05-12T09:59:32.890-03:00  INFO 78785 --- [           main] o.h.c.internal.RegionFactoryInitiator    : HHH000026: Second-level cache disabled
2026-05-12T09:59:33.117-03:00  INFO 78785 --- [           main] o.s.o.j.p.SpringPersistenceUnitInfo      : No LoadTimeWeaver setup: ignoring JPA class transformer
2026-05-12T09:59:33.138-03:00  INFO 78785 --- [           main] com.zaxxer.hikari.HikariDataSource       : HikariPool-1 - Starting...
2026-05-12T09:59:33.252-03:00  INFO 78785 --- [           main] com.zaxxer.hikari.pool.HikariPool        : HikariPool-1 - Added connection conn0: url=jdbc:h2:mem:testdb user=SA
2026-05-12T09:59:33.253-03:00  INFO 78785 --- [           main] com.zaxxer.hikari.HikariDataSource       : HikariPool-1 - Start completed.
2026-05-12T09:59:33.269-03:00  WARN 78785 --- [           main] org.hibernate.orm.deprecation            : HHH90000025: H2Dialect does not need to be specified explicitly using 'hibernate.dialect' (remove the property setting and it will be selected by default)
2026-05-12T09:59:33.288-03:00  INFO 78785 --- [           main] org.hibernate.orm.connections.pooling    : HHH10001005: Database info:
	Database JDBC URL [Connecting through datasource 'HikariDataSource (HikariPool-1)']
	Database driver: undefined/unknown
	Database version: 2.3.232
	Autocommit mode: undefined/unknown
	Isolation level: undefined/unknown
	Minimum pool size: undefined/unknown
	Maximum pool size: undefined/unknown
2026-05-12T09:59:34.212-03:00  INFO 78785 --- [           main] o.h.e.t.j.p.i.JtaPlatformInitiator       : HHH000489: No JTA platform available (set 'hibernate.transaction.jta.platform' to enable JTA platform integration)
2026-05-12T09:59:34.307-03:00  INFO 78785 --- [           main] j.LocalContainerEntityManagerFactoryBean : Initialized JPA EntityManagerFactory for persistence unit 'default'
2026-05-12T09:59:34.779-03:00  INFO 78785 --- [           main] o.s.d.j.r.query.QueryEnhancerFactory     : Hibernate is in classpath; If applicable, HQL parser will be used.
2026-05-12T09:59:35.457-03:00  WARN 78785 --- [           main] JpaBaseConfiguration$JpaWebConfiguration : spring.jpa.open-in-view is enabled by default. Therefore, database queries may be performed during view rendering. Explicitly configure spring.jpa.open-in-view to disable this warning
2026-05-12T09:59:36.092-03:00  INFO 78785 --- [           main] o.s.b.t.m.w.SpringBootMockServletContext : Initializing Spring TestDispatcherServlet ''
2026-05-12T09:59:36.092-03:00  INFO 78785 --- [           main] o.s.t.web.servlet.TestDispatcherServlet  : Initializing Servlet ''
2026-05-12T09:59:36.093-03:00  INFO 78785 --- [           main] o.s.t.web.servlet.TestDispatcherServlet  : Completed initialization in 1 ms
2026-05-12T09:59:36.113-03:00  INFO 78785 --- [           main] d.c.RequisitionControllerIntegrationTest : Started RequisitionControllerIntegrationTest in 5.104 seconds (process running for 5.912)
Mockito is currently self-attaching to enable the inline-mock-maker. This will no longer work in future releases of the JDK. Please add Mockito as an agent to your build what is described in Mockito's documentation: https://javadoc.io/doc/org.mockito/mockito-core/latest/org/mockito/Mockito.html#0.3
OpenJDK 64-Bit Server VM warning: Sharing is only supported for boot loader classes because bootstrap classpath has been appended
WARNING: A Java agent has been loaded dynamically (/home/israelbarcelos/.m2/repository/net/bytebuddy/byte-buddy-agent/1.15.11/byte-buddy-agent-1.15.11.jar)
WARNING: If a serviceability tool is in use, please run with -XX:+EnableDynamicAgentLoading to hide this warning
WARNING: If a serviceability tool is not in use, please run with -Djdk.instrument.traceUsage for more information
WARNING: Dynamic loading of agents will be disallowed by default in a future release
2026-05-12T09:59:36.737-03:00 ERROR 78785 --- [           main] b.c.s.b.d.e.GlobalExceptionHandler       : Erro de status de resposta: 400 BAD_REQUEST - Esta oportunidade já está aprovada
2026-05-12T09:59:36.757-03:00 ERROR 78785 --- [           main] b.c.s.b.d.e.GlobalExceptionHandler       : Erro de status de resposta: 403 FORBIDDEN - Acesso negado a esta requisição
2026-05-12T09:59:36.780-03:00 ERROR 78785 --- [           main] b.c.s.b.d.e.GlobalExceptionHandler       : Erro de status de resposta: 400 BAD_REQUEST - A requisição deve estar aprovada para ver os candidatos
[INFO] Tests run: 8, Failures: 0, Errors: 0, Skipped: 0, Time elapsed: 6.214 s -- in br.com.sebratel.bff.dho.controller.RequisitionControllerIntegrationTest
[INFO] 
[INFO] Results:
[INFO] 
[INFO] Tests run: 8, Failures: 0, Errors: 0, Skipped: 0
[INFO] 
[INFO] ------------------------------------------------------------------------
[INFO] BUILD SUCCESS
[INFO] ------------------------------------------------------------------------
[INFO] Total time:  9.890 s
[INFO] Finished at: 2026-05-12T09:59:36-03:00
[INFO] ------------------------------------------------------------------------
